
> ecosaathi@1.0.0 build
> vite build

[36mvite v6.4.1 [32mbuilding for production...[36m[39m
transforming...
[32mΓ£ô[39m 1378 modules transformed.
rendering chunks...
computing gzip size...
[2mdist/[22m[32mindex.html                          [39m[1m[2m    0.80 kB[22m[1m[22m[2m Γöé gzip:   0.45 kB[22m
[2mdist/[22m[35massets/index-Co_89JdZ.css           [39m[1m[2m   53.48 kB[22m[1m[22m[2m Γöé gzip:  13.77 kB[22m
[2mdist/[22m[36massets/html2canvas.esm-QH1iLAAe.js  [39m[1m[2m  202.38 kB[22m[1m[22m[2m Γöé gzip:  48.04 kB[22m
[2mdist/[22m[36massets/index-DbIf8mQD.js            [39m[1m[33m1,740.85 kB[39m[22m[2m Γöé gzip: 502.97 kB[22m
node.exe : [33m
At C:\Program 
Files\nodejs\npm.ps1:29 
char:3
+   & $NODE_EXE 
$NPM_CLI_JS $args
+   ~~~~~~~~~~~~~~~~~~~~~
~~~~~~~~
    + CategoryInfo       
       : NotSpecified:   
  ([33m:String) [], R   
 emoteException
    + FullyQualifiedErro 
   rId : NativeCommandE  
  rror
 
(!) Some chunks are 
larger than 500 kB after 
minification. Consider:
- Using dynamic import() 
to code-split the 
application
- Use build.rollupOptions
.output.manualChunks to 
improve chunking: https:/
/rollupjs.org/configurati
on-options/#output-manual
chunks
- Adjust chunk size 
limit for this warning 
via build.chunkSizeWarnin
gLimit.[39m
[32mΓ£ô built in 22.14s[39m
